// Jest Snapshot v1, https://goo.gl/fbAQLP

exports[`#toSvg 1`] = `
"InlineSvgFixture Svg
alignSelf < auto
marginTop < 0
marginBottom < 0
marginLeft < 0
marginRight < 0
width < 50
height < 50
SvgGroup
fillOpacity .7
SvgCircle
cx 6.5cm
cy 2cm
r 100
translateX 0
translateY 50
fill < red
stroke < #000
strokeWidth .1cm

SvgCircle
cx 6.5cm
cy 2cm
r 100
translateX 70
translateY 150
fill <fill2 #00f
stroke < #000
strokeWidth .1cm

SvgCircle
cx 6.5cm
cy 2cm
r 100
translateX -70
translateY 150
fill <fill3 green
stroke < #000
strokeWidth .1cm

"
`;
